Microchip MPLAB XC8 Compiler V1.34 ()

Linker command line:

--edf=/opt/microchip/xc8/v1.34/dat/en_msgs.txt -cs \
  -h+dist/LPCUSBDK_16F1459/production/e_p_firmware_v1.X.production.sym \
  --cmf=dist/LPCUSBDK_16F1459/production/e_p_firmware_v1.X.production.cmf \
  -z -Q16F1459 -o/tmp/cgtSFwaee \
  -Mdist/LPCUSBDK_16F1459/production/e_p_firmware_v1.X.production.map -E1 \
  -ver=XC8 -ASTACK=02000h-023efh -pstack=STACK -ACODE=00h-07FFhx4 \
  -ASTRCODE=00h-01FFFh -ASTRING=00h-0FFhx32 -ACONST=00h-0FFhx32 \
  -AENTRY=00h-0FFhx32 -ACOMMON=070h-07Fh -ABANK0=020h-06Fh \
  -ABANK1=0A0h-0EFh -ABANK2=0120h-016Fh -ABANK3=01A0h-01EFh \
  -ABANK4=0220h-026Fh -ABANK5=02A0h-02EFh -ABANK6=0320h-036Fh \
  -ABANK7=03A0h-03EFh -ABANK8=0420h-046Fh -ABANK9=04A0h-04EFh \
  -ABANK10=0520h-056Fh -ABANK11=05A0h-05EFh -ABANK12=0620h-064Fh \
  -ABIGRAM=02000h-023EFh \
  -ARAM=020h-06Fh,0A0h-0EFh,0120h-016Fh,01A0h-01EFh,0220h-026Fh,02A0h-02EFh,0320h-036Fh,03A0h-03EFh,0420h-046Fh,04A0h-04EFh,0520h-056Fh,05A0h-05EFh,0620h-064Fh \
  -AABS1=020h-07Fh,0A0h-0EFh,0120h-016Fh,01A0h-01EFh,0220h-026Fh,02A0h-02EFh,0320h-036Fh,03A0h-03EFh,0420h-046Fh,04A0h-04EFh,0520h-056Fh,05A0h-05EFh,0620h-064Fh \
  -ASFR0=00h-01Fh -ASFR1=080h-09Fh -ASFR2=0100h-011Fh -ASFR3=0180h-019Fh \
  -ASFR4=0200h-021Fh -ASFR5=0280h-029Fh -ASFR6=0300h-031Fh \
  -ASFR7=0380h-039Fh -ASFR8=0400h-041Fh -ASFR9=0480h-049Fh \
  -ASFR10=0500h-051Fh -ASFR11=0580h-059Fh -ASFR12=0600h-061Fh \
  -ASFR13=0680h-06EFh -ASFR14=0700h-076Fh -ASFR15=0780h-07EFh \
  -ASFR16=0800h-086Fh -ASFR17=0880h-08EFh -ASFR18=0900h-096Fh \
  -ASFR19=0980h-09EFh -ASFR20=0A00h-0A6Fh -ASFR21=0A80h-0AEFh \
  -ASFR22=0B00h-0B6Fh -ASFR23=0B80h-0BEFh -ASFR24=0C00h-0C6Fh \
  -ASFR25=0C80h-0CEFh -ASFR26=0D00h-0D6Fh -ASFR27=0D80h-0DEFh \
  -ASFR28=0E00h-0E6Fh -ASFR29=0E80h-0EEFh -ASFR30=0F00h-0F6Fh \
  -ASFR31=0F80h-0FEFh -preset_vec=00h,intentry=04h,init,end_init \
  -ppowerup=CODE -pcinit=CODE -pfunctab=CODE -ACONFIG=08007h-08008h \
  -pconfig=CONFIG -DCONFIG=2 -AIDLOC=08000h-08003h -pidloc=IDLOC -DIDLOC=2 \
  -DCODE=2 -DSTRCODE=2 -DSTRING=2 -DCONST=2 -DENTRY=2 -k /tmp/cgt0BuE5C.obj \
  dist/LPCUSBDK_16F1459/production/e_p_firmware_v1.X.production.obj 

Object code version is 3.11

Machine type is 16F1459



                Name                               Link     Load   Length Selector   Space Scale
/tmp/cgt0BuE5C.obj
                end_init                              B        B        2        8       0
                reset_vec                             0        0        2        0       0
dist/LPCUSBDK_16F1459/production/e_p_firmware_v1.X.production.obj
                cinit                                 D        D        3        8       0
                intentry                              4        4        7        8       0
                text2                                18       18        1        8       0
                text1                                17       17        1        8       0
                maintext                             10       10        7        8       0
                cstackCOMMON                         70       70        1       70       1

TOTAL           Name                               Link     Load   Length     Space
        CLASS   STACK          

        CLASS   CODE           
                end_init                              B        B        2         0
                cinit                                 D        D        3         0
                intentry                              4        4        7         0
                reset_vec                             0        0        2         0
                text2                                18       18        1         0
                text1                                17       17        1         0
                maintext                             10       10        7         0

        CLASS   STRCODE        

        CLASS   STRING         

        CLASS   CONST          

        CLASS   ENTRY          

        CLASS   COMMON         
                cstackCOMMON                         70       70        1         1

        CLASS   BANK0          

        CLASS   BANK1          

        CLASS   BANK2          

        CLASS   BANK3          

        CLASS   BANK4          

        CLASS   BANK5          

        CLASS   BANK6          

        CLASS   BANK7          

        CLASS   BANK8          

        CLASS   BANK9          

        CLASS   BANK10         

        CLASS   BANK11         

        CLASS   BANK12         

        CLASS   BIGRAM         

        CLASS   RAM            

        CLASS   ABS1           
                abs_s1                               7E       7E        2         1

        CLASS   SFR0           

        CLASS   SFR1           

        CLASS   SFR2           

        CLASS   SFR3           

        CLASS   SFR4           

        CLASS   SFR5           

        CLASS   SFR6           

        CLASS   SFR7           

        CLASS   SFR8           

        CLASS   SFR9           

        CLASS   SFR10          

        CLASS   SFR11          

        CLASS   SFR12          

        CLASS   SFR13          

        CLASS   SFR14          

        CLASS   SFR15          

        CLASS   SFR16          

        CLASS   SFR17          

        CLASS   SFR18          

        CLASS   SFR19          

        CLASS   SFR20          

        CLASS   SFR21          

        CLASS   SFR22          

        CLASS   SFR23          

        CLASS   SFR24          

        CLASS   SFR25          

        CLASS   SFR26          

        CLASS   SFR27          

        CLASS   SFR28          

        CLASS   SFR29          

        CLASS   SFR30          

        CLASS   SFR31          

        CLASS   CONFIG         

        CLASS   IDLOC          

        CLASS   BANK31         

        CLASS   BANK30         

        CLASS   BANK29         

        CLASS   BANK28         

        CLASS   BANK27         

        CLASS   BANK26         

        CLASS   BANK25         

        CLASS   BANK24         

        CLASS   BANK23         

        CLASS   BANK22         

        CLASS   BANK21         

        CLASS   BANK20         

        CLASS   BANK19         

        CLASS   BANK18         

        CLASS   BANK17         

        CLASS   BANK16         

        CLASS   BANK15         

        CLASS   BANK14         

        CLASS   BANK13         

        CLASS   EEDATA         



SEGMENTS        Name                           Load    Length   Top    Selector   Space  Class     Delta

                reset_vec                      000000  000002  000002         0       0  CODE        2
                intentry                       000004  000015  000019         8       0  CODE        2
                cstackCOMMON                   000070  000001  000071        70       1  COMMON      1


UNUSED ADDRESS RANGES

        Name                Unused          Largest block    Delta
        BANK0            0020-006F             50           1
        BANK1            00A0-00EF             50           1
        BANK10           0520-056F             50           1
        BANK11           05A0-05EF             50           1
        BANK12           0620-064F             30           1
        BANK2            0120-016F             50           1
        BANK3            01A0-01EF             50           1
        BANK4            0220-026F             50           1
        BANK5            02A0-02EF             50           1
        BANK6            0320-036F             50           1
        BANK7            03A0-03EF             50           1
        BANK8            0420-046F             50           1
        BANK9            04A0-04EF             50           1
        BIGRAM           2000-23EF            3F0           1
        CODE             0002-0003              2           2
                         0019-1FFF            800
        COMMON           0071-007D              D           1
        CONFIG           8007-8008              2           2
        CONST            0002-0003              2           2
                         0019-1FFF            100
        ENTRY            0002-0003              2           2
                         0019-1FFF            100
        IDLOC            8000-8003              4           2
        RAM              0020-006F             50           1
                         00A0-00EF             50
                         0120-016F             50
                         01A0-01EF             50
                         0220-026F             50
                         02A0-02EF             50
                         0320-036F             50
                         03A0-03EF             50
                         0420-046F             50
                         04A0-04EF             50
                         0520-056F             50
                         05A0-05EF             50
                         0620-064F             30
        SFR0             0000-001F             20           1
        SFR1             0080-009F             20           1
        SFR10            0500-051F             20           1
        SFR11            0580-059F             20           1
        SFR12            0600-061F             20           1
        SFR13            0680-06EF             70           1
        SFR14            0700-076F             70           1
        SFR15            0780-07EF             70           1
        SFR16            0800-086F             70           1
        SFR17            0880-08EF             70           1
        SFR18            0900-096F             70           1
        SFR19            0980-09EF             70           1
        SFR2             0100-011F             20           1
        SFR20            0A00-0A6F             70           1
        SFR21            0A80-0AEF             70           1
        SFR22            0B00-0B6F             70           1
        SFR23            0B80-0BEF             70           1
        SFR24            0C00-0C6F             70           1
        SFR25            0C80-0CEF             70           1
        SFR26            0D00-0D6F             70           1
        SFR27            0D80-0DEF             70           1
        SFR28            0E00-0E6F             70           1
        SFR29            0E80-0EEF             70           1
        SFR3             0180-019F             20           1
        SFR30            0F00-0F6F             70           1
        SFR31            0F80-0FEF             70           1
        SFR4             0200-021F             20           1
        SFR5             0280-029F             20           1
        SFR6             0300-031F             20           1
        SFR7             0380-039F             20           1
        SFR8             0400-041F             20           1
        SFR9             0480-049F             20           1
        STACK            2000-23EF            3F0           1
        STRCODE          0002-0003              2           2
                         0019-1FFF           1FE7
        STRING           0002-0003              2           2
                         0019-1FFF            100

                                  Symbol Table

_ConfigureOscillator          text2        0018
_InitApp                      text1        0017
__Habs1                       abs1         0000
__Hbank0                      bank0        0000
__Hbank1                      bank1        0000
__Hbank10                     bank10       0000
__Hbank11                     bank11       0000
__Hbank12                     bank12       0000
__Hbank13                     bank13       0000
__Hbank14                     bank14       0000
__Hbank15                     bank15       0000
__Hbank16                     bank16       0000
__Hbank17                     bank17       0000
__Hbank18                     bank18       0000
__Hbank19                     bank19       0000
__Hbank2                      bank2        0000
__Hbank20                     bank20       0000
__Hbank21                     bank21       0000
__Hbank22                     bank22       0000
__Hbank23                     bank23       0000
__Hbank24                     bank24       0000
__Hbank25                     bank25       0000
__Hbank26                     bank26       0000
__Hbank27                     bank27       0000
__Hbank28                     bank28       0000
__Hbank29                     bank29       0000
__Hbank3                      bank3        0000
__Hbank30                     bank30       0000
__Hbank31                     bank31       0000
__Hbank4                      bank4        0000
__Hbank5                      bank5        0000
__Hbank6                      bank6        0000
__Hbank7                      bank7        0000
__Hbank8                      bank8        0000
__Hbank9                      bank9        0000
__Hbigram                     bigram       0000
__Hcinit                      cinit        0010
__Hclrtext                    clrtext      0000
__Hcode                       code         0000
__Hcommon                     common       0000
__Hconfig                     config       0000
__HcstackCOMMON               cstackCOMMON 0000
__Heeprom_data                eeprom_data  0000
__Hend_init                   end_init     000D
__Hfunctab                    functab      0000
__Hidloc                      idloc        0000
__Hinit                       init         000B
__Hintentry                   intentry     000B
__Hmaintext                   maintext     0000
__Hpowerup                    powerup      0000
__Hram                        ram          0000
__Hreset_vec                  reset_vec    0002
__Hsfr0                       sfr0         0000
__Hsfr1                       sfr1         0000
__Hsfr10                      sfr10        0000
__Hsfr11                      sfr11        0000
__Hsfr12                      sfr12        0000
__Hsfr13                      sfr13        0000
__Hsfr14                      sfr14        0000
__Hsfr15                      sfr15        0000
__Hsfr16                      sfr16        0000
__Hsfr17                      sfr17        0000
__Hsfr18                      sfr18        0000
__Hsfr19                      sfr19        0000
__Hsfr2                       sfr2         0000
__Hsfr20                      sfr20        0000
__Hsfr21                      sfr21        0000
__Hsfr22                      sfr22        0000
__Hsfr23                      sfr23        0000
__Hsfr24                      sfr24        0000
__Hsfr25                      sfr25        0000
__Hsfr26                      sfr26        0000
__Hsfr27                      sfr27        0000
__Hsfr28                      sfr28        0000
__Hsfr29                      sfr29        0000
__Hsfr3                       sfr3         0000
__Hsfr30                      sfr30        0000
__Hsfr31                      sfr31        0000
__Hsfr4                       sfr4         0000
__Hsfr5                       sfr5         0000
__Hsfr6                       sfr6         0000
__Hsfr7                       sfr7         0000
__Hsfr8                       sfr8         0000
__Hsfr9                       sfr9         0000
__Hspace_0                    (abs)        0019
__Hspace_1                    (abs)        0071
__Hspace_2                    (abs)        0000
__Hspace_3                    (abs)        0000
__Hstack                      stack        0000
__Hstrings                    strings      0000
__Htext                       text         0000
__Labs1                       abs1         0000
__Lbank0                      bank0        0000
__Lbank1                      bank1        0000
__Lbank10                     bank10       0000
__Lbank11                     bank11       0000
__Lbank12                     bank12       0000
__Lbank13                     bank13       0000
__Lbank14                     bank14       0000
__Lbank15                     bank15       0000
__Lbank16                     bank16       0000
__Lbank17                     bank17       0000
__Lbank18                     bank18       0000
__Lbank19                     bank19       0000
__Lbank2                      bank2        0000
__Lbank20                     bank20       0000
__Lbank21                     bank21       0000
__Lbank22                     bank22       0000
__Lbank23                     bank23       0000
__Lbank24                     bank24       0000
__Lbank25                     bank25       0000
__Lbank26                     bank26       0000
__Lbank27                     bank27       0000
__Lbank28                     bank28       0000
__Lbank29                     bank29       0000
__Lbank3                      bank3        0000
__Lbank30                     bank30       0000
__Lbank31                     bank31       0000
__Lbank4                      bank4        0000
__Lbank5                      bank5        0000
__Lbank6                      bank6        0000
__Lbank7                      bank7        0000
__Lbank8                      bank8        0000
__Lbank9                      bank9        0000
__Lbigram                     bigram       0000
__Lcinit                      cinit        000D
__Lclrtext                    clrtext      0000
__Lcode                       code         0000
__Lcommon                     common       0000
__Lconfig                     config       0000
__LcstackCOMMON               cstackCOMMON 0000
__Leeprom_data                eeprom_data  0000
__Lend_init                   end_init     000B
__Lfunctab                    functab      0000
__Lidloc                      idloc        0000
__Linit                       init         000B
__Lintentry                   intentry     0004
__Lmaintext                   maintext     0000
__Lpowerup                    powerup      0000
__Lram                        ram          0000
__Lreset_vec                  reset_vec    0000
__Lsfr0                       sfr0         0000
__Lsfr1                       sfr1         0000
__Lsfr10                      sfr10        0000
__Lsfr11                      sfr11        0000
__Lsfr12                      sfr12        0000
__Lsfr13                      sfr13        0000
__Lsfr14                      sfr14        0000
__Lsfr15                      sfr15        0000
__Lsfr16                      sfr16        0000
__Lsfr17                      sfr17        0000
__Lsfr18                      sfr18        0000
__Lsfr19                      sfr19        0000
__Lsfr2                       sfr2         0000
__Lsfr20                      sfr20        0000
__Lsfr21                      sfr21        0000
__Lsfr22                      sfr22        0000
__Lsfr23                      sfr23        0000
__Lsfr24                      sfr24        0000
__Lsfr25                      sfr25        0000
__Lsfr26                      sfr26        0000
__Lsfr27                      sfr27        0000
__Lsfr28                      sfr28        0000
__Lsfr29                      sfr29        0000
__Lsfr3                       sfr3         0000
__Lsfr30                      sfr30        0000
__Lsfr31                      sfr31        0000
__Lsfr4                       sfr4         0000
__Lsfr5                       sfr5         0000
__Lsfr6                       sfr6         0000
__Lsfr7                       sfr7         0000
__Lsfr8                       sfr8         0000
__Lsfr9                       sfr9         0000
__Lspace_0                    (abs)        0000
__Lspace_1                    (abs)        0000
__Lspace_2                    (abs)        0000
__Lspace_3                    (abs)        0000
__Lstack                      stack        0000
__Lstrings                    strings      0000
__Ltext                       text         0000
__S0                          (abs)        0019
__S1                          (abs)        0071
__S2                          (abs)        0000
___int_sp                     stack        0000
___latbits                    (abs)        0002
___sp                         stack        0000
__end_of_ConfigureOscillator  text2        0019
__end_of_InitApp              text1        0018
__end_of__initialization      cinit        000D
__end_of_isr                  intentry     000B
__end_of_main                 maintext     0017
__initialization              cinit        000D
__pcstackCOMMON               cstackCOMMON 0070
__pintentry                   intentry     0004
__pmaintext                   maintext     0010
__ptext1                      text1        0017
__ptext2                      text2        0018
__size_of_ConfigureOscillator (abs)        0000
__size_of_InitApp             (abs)        0000
__size_of_isr                 (abs)        0000
__size_of_main                (abs)        0000
_isr                          intentry     0004
_main                         maintext     0010
btemp                         (abs)        007E
end_of_initialization         cinit        000D
intlevel0                     functab      0000
intlevel1                     functab      0000
intlevel2                     functab      0000
intlevel3                     functab      0000
intlevel4                     functab      0000
intlevel5                     functab      0000
ltemp                         (abs)        007E
ltemp0                        (abs)        007E
ltemp1                        (abs)        0082
ltemp2                        (abs)        0086
ltemp3                        (abs)        0080
reset_vec                     reset_vec    0000
stackhi                       (abs)        23EF
stacklo                       (abs)        2000
start                         init         000B
start_initialization          cinit        000D
ttemp                         (abs)        007E
ttemp0                        (abs)        007E
ttemp1                        (abs)        0081
ttemp2                        (abs)        0084
ttemp3                        (abs)        0087
ttemp4                        (abs)        007F
wtemp                         (abs)        007E
wtemp0                        (abs)        007E
wtemp1                        (abs)        0080
wtemp2                        (abs)        0082
wtemp3                        (abs)        0084
wtemp4                        (abs)        0086
wtemp5                        (abs)        0088
wtemp6                        (abs)        007F


FUNCTION INFORMATION:

 *************** function _main *****************
 Defined at:
		line 26 in file "main.c"
 Parameters:    Size  Location     Type
		None
 Auto vars:     Size  Location     Type
		None
 Return value:  Size  Location     Type
		None               void
 Registers used:
		status,2, status,0, pclath, cstack
 Tracked objects:
		On entry : 
		On exit  : 
		Unchanged: 
 Data sizes:     COMMON   BANK0   BANK1   BANK2   BANK3   BANK4   BANK5   BANK6   BANK7   BANK8   BANK9  BANK10  BANK11  BANK12
      Params:         0       0       0       0       0       0       0       0       0       0       0       0       0       0
      Locals:         0       0       0       0       0       0       0       0       0       0       0       0       0       0
      Temps:          0       0       0       0       0       0       0       0       0       0       0       0       0       0
      Totals:         0       0       0       0       0       0       0       0       0       0       0       0       0       0
Total ram usage:        0 bytes
 Hardware stack levels required when called:    2
 This function calls:
		_ConfigureOscillator
		_InitApp
 This function is called by:
		Startup code after reset
 This function uses a non-reentrant model


 *************** function _InitApp *****************
 Defined at:
		line 22 in file "user.c"
 Parameters:    Size  Location     Type
		None
 Auto vars:     Size  Location     Type
		None
 Return value:  Size  Location     Type
		None               void
 Registers used:
		None
 Tracked objects:
		On entry : 
		On exit  : 
		Unchanged: 
 Data sizes:     COMMON   BANK0   BANK1   BANK2   BANK3   BANK4   BANK5   BANK6   BANK7   BANK8   BANK9  BANK10  BANK11  BANK12
      Params:         0       0       0       0       0       0       0       0       0       0       0       0       0       0
      Locals:         0       0       0       0       0       0       0       0       0       0       0       0       0       0
      Temps:          0       0       0       0       0       0       0       0       0       0       0       0       0       0
      Totals:         0       0       0       0       0       0       0       0       0       0       0       0       0       0
Total ram usage:        0 bytes
 Hardware stack levels used:    1
 Hardware stack levels required when called:    1
 This function calls:
		Nothing
 This function is called by:
		_main
 This function uses a non-reentrant model


 *************** function _ConfigureOscillator *****************
 Defined at:
		line 18 in file "system.c"
 Parameters:    Size  Location     Type
		None
 Auto vars:     Size  Location     Type
		None
 Return value:  Size  Location     Type
		None               void
 Registers used:
		None
 Tracked objects:
		On entry : 
		On exit  : 
		Unchanged: 
 Data sizes:     COMMON   BANK0   BANK1   BANK2   BANK3   BANK4   BANK5   BANK6   BANK7   BANK8   BANK9  BANK10  BANK11  BANK12
      Params:         0       0       0       0       0       0       0       0       0       0       0       0       0       0
      Locals:         0       0       0       0       0       0       0       0       0       0       0       0       0       0
      Temps:          0       0       0       0       0       0       0       0       0       0       0       0       0       0
      Totals:         0       0       0       0       0       0       0       0       0       0       0       0       0       0
Total ram usage:        0 bytes
 Hardware stack levels used:    1
 Hardware stack levels required when called:    1
 This function calls:
		Nothing
 This function is called by:
		_main
 This function uses a non-reentrant model


 *************** function _isr *****************
 Defined at:
		line 23 in file "interrupts.c"
 Parameters:    Size  Location     Type
		None
 Auto vars:     Size  Location     Type
		None
 Return value:  Size  Location     Type
		None               void
 Registers used:
		None
 Tracked objects:
		On entry : 
		On exit  : 
		Unchanged: 
 Data sizes:     COMMON   BANK0   BANK1   BANK2   BANK3   BANK4   BANK5   BANK6   BANK7   BANK8   BANK9  BANK10  BANK11  BANK12
      Params:         0       0       0       0       0       0       0       0       0       0       0       0       0       0
      Locals:         0       0       0       0       0       0       0       0       0       0       0       0       0       0
      Temps:          1       0       0       0       0       0       0       0       0       0       0       0       0       0
      Totals:         1       0       0       0       0       0       0       0       0       0       0       0       0       0
Total ram usage:        1 bytes
 Hardware stack levels used:    1
 This function calls:
		Nothing
 This function is called by:
		Interrupt level 1
 This function uses a non-reentrant model



MODULE INFORMATION

Module		Function		Class		Link	Load	Size
interrupts.c
		_isr           		CODE           	0004	0000	8

interrupts.c estimated size: 8

shared
		__initializatio		CODE           	000D	0000	1

shared estimated size: 1

user.c
		_InitApp       		CODE           	0017	0000	2

user.c estimated size: 2

main.c
		_main          		CODE           	0010	0000	8

main.c estimated size: 8

system.c
		_ConfigureOscil		CODE           	0018	0000	2

system.c estimated size: 2

